                         The SAS System                        1
                                 10:52 Friday, November 11, 2011

                                    
                            ƒƒƒƒƒƒƒƒ
                                 138
                         The SAS System                        2
                                 10:52 Friday, November 11, 2011

                           
                           ƒƒƒƒƒƒƒƒƒ
                           01aug1986
                         The SAS System                        3
                                 10:52 Friday, November 11, 2011

                           
                           ƒƒƒƒƒƒƒƒƒ
                           01dec2005
                         The SAS System                        4
                                 10:52 Friday, November 11, 2011

                                    
                            ƒƒƒƒƒƒƒƒ
                                7062
                         The SAS System                        5
                                 10:52 Friday, November 11, 2011

                                    
                            ƒƒƒƒƒƒƒƒ
                                   3
